// Jest Snapshot v1, https://goo.gl/fbAQLP

exports[`ViewItemsContainer should render the component 1`] = `
<ViewItemsScreen
  deleteItem={[Function]}
  items={
    Array [
      Object {
        "date": "2018-10-28T16:00:00.003Z",
      },
    ]
  }
  navigation={
    Object {
      "getParam": [MockFunction] {
        "calls": Array [
          Array [
            "date",
          ],
          Array [
            "date",
          ],
        ],
      },
    }
  }
  store={
    Object {
      "clearActions": [Function],
      "dispatch": [Function],
      "getActions": [Function],
      "getState": [Function],
      "replaceReducer": [Function],
      "subscribe": [Function],
    }
  }
  storeSubscription={
    Subscription {
      "listeners": Object {
        "notify": [Function],
      },
      "onStateChange": [Function],
      "parentSub": undefined,
      "store": Object {
        "clearActions": [Function],
        "dispatch": [Function],
        "getActions": [Function],
        "getState": [Function],
        "replaceReducer": [Function],
        "subscribe": [Function],
      },
      "unsubscribe": null,
    }
  }
/>
`;
