// Jest Snapshot v1, https://goo.gl/fbAQLP

exports[`AddItemRow should render the component 1`] = `
<View
  style={
    Object {
      "marginBottom": 10,
    }
  }
>
  <Text
    accessible={true}
    allowFontScaling={true}
    ellipsizeMode="tail"
    style={undefined}
  >
    label
  </Text>
  <TextInput
    allowFontScaling={true}
    onChangeText={[Function]}
    placeholder="placeholder"
    style={
      Object {
        "fontSize": 16,
        "height": 50,
      }
    }
    value="value"
  />
</View>
`;
